------------------------------------------------------------
TimeQuest Timing Analyzer Summary
------------------------------------------------------------

Type  : Slow 1200mV 85C Model Setup 'vga_control_module:inst|CLK_25M'
Slack : -24.858
TNS   : -843.192

Type  : Slow 1200mV 85C Model Setup 'CLK'
Slack : -4.127
TNS   : -374.247

Type  : Slow 1200mV 85C Model Hold 'CLK'
Slack : -0.019
TNS   : -0.019

Type  : Slow 1200mV 85C Model Hold 'vga_control_module:inst|CLK_25M'
Slack : 0.403
TNS   : 0.000

Type  : Slow 1200mV 85C Model Minimum Pulse Width 'CLK'
Slack : -3.000
TNS   : -163.748

Type  : Slow 1200mV 85C Model Minimum Pulse Width 'vga_control_module:inst|CLK_25M'
Slack : -1.285
TNS   : -107.940

Type  : Slow 1200mV 0C Model Setup 'vga_control_module:inst|CLK_25M'
Slack : -22.989
TNS   : -771.011

Type  : Slow 1200mV 0C Model Setup 'CLK'
Slack : -3.689
TNS   : -330.608

Type  : Slow 1200mV 0C Model Hold 'CLK'
Slack : 0.013
TNS   : 0.000

Type  : Slow 1200mV 0C Model Hold 'vga_control_module:inst|CLK_25M'
Slack : 0.354
TNS   : 0.000

Type  : Slow 1200mV 0C Model Minimum Pulse Width 'CLK'
Slack : -3.000
TNS   : -163.704

Type  : Slow 1200mV 0C Model Minimum Pulse Width 'vga_control_module:inst|CLK_25M'
Slack : -1.285
TNS   : -107.940

Type  : Fast 1200mV 0C Model Setup 'vga_control_module:inst|CLK_25M'
Slack : -11.627
TNS   : -371.736

Type  : Fast 1200mV 0C Model Setup 'CLK'
Slack : -1.562
TNS   : -125.689

Type  : Fast 1200mV 0C Model Hold 'CLK'
Slack : -0.090
TNS   : -0.090

Type  : Fast 1200mV 0C Model Hold 'vga_control_module:inst|CLK_25M'
Slack : 0.181
TNS   : 0.000

Type  : Fast 1200mV 0C Model Minimum Pulse Width 'CLK'
Slack : -3.000
TNS   : -162.989

Type  : Fast 1200mV 0C Model Minimum Pulse Width 'vga_control_module:inst|CLK_25M'
Slack : -1.000
TNS   : -84.000

------------------------------------------------------------
